| integral_types.cpp:2:8:2:9 | i8 | file://:0:0:0:0 | char | IntegralDumpType, MicrosoftInt8Type, PlainCharType, PrintableElement |
| integral_types.cpp:3:9:3:11 | i16 | file://:0:0:0:0 | short | IntegralDumpType, MicrosoftInt16Type, PrintableElement, ShortType |
| integral_types.cpp:4:9:4:11 | i32 | file://:0:0:0:0 | int | IntType, IntegralDumpType, MicrosoftInt32Type, PrintableElement |
| integral_types.cpp:5:9:5:11 | i64 | file://:0:0:0:0 | long long | IntegralDumpType, LongLongType, MicrosoftInt64Type, PrintableElement |
