| file://:0:0:0:0 | __wchar_t * | IteratorByPointer, PointerDumpType, PrintableElement | IntegralDumpType, PrintableElement, Wchar_t, WideCharType |
| file://:0:0:0:0 | const __wchar_t | PrintableElement, SpecifiedDumpType | IntegralDumpType, PrintableElement, Wchar_t, WideCharType |
| file://:0:0:0:0 | wchar_t | IntegralDumpType, PrintableElement, Wchar_t, WideCharType |  |
