| SignedOverflowCheck.cpp:8:12:8:22 | ... < ... | Comparison can be simplified by canceling $@ with $@. | SignedOverflowCheck.cpp:8:21:8:22 | n1 | n1 | SignedOverflowCheck.cpp:8:12:8:13 | n1 | n1 |
| SignedOverflowCheck.cpp:18:12:18:26 | ... < ... | Comparison can be simplified by canceling $@ with $@. | SignedOverflowCheck.cpp:18:25:18:26 | n1 | n1 | SignedOverflowCheck.cpp:18:12:18:13 | n1 | n1 |
| SignedOverflowCheck.cpp:28:12:28:26 | ... < ... | Comparison can be simplified by canceling $@ with $@. | SignedOverflowCheck.cpp:28:25:28:26 | n1 | n1 | SignedOverflowCheck.cpp:28:12:28:13 | n1 | n1 |
| SignedOverflowCheck.cpp:42:9:42:41 | ... < ... | Comparison can be simplified by canceling $@ with $@. | SignedOverflowCheck.cpp:42:40:42:41 | n1 | n1 | SignedOverflowCheck.cpp:42:26:42:27 | n1 | n1 |
| SignedOverflowCheck.cpp:84:11:84:19 | ... < ... | Comparison can be simplified by canceling $@ with $@. | SignedOverflowCheck.cpp:84:19:84:19 | a | a | SignedOverflowCheck.cpp:84:11:84:11 | a | a |
| SignedOverflowCheck.cpp:93:7:93:40 | ... < ... | Comparison can be simplified by canceling $@ with $@. | SignedOverflowCheck.cpp:93:37:93:40 | ioff | ioff | SignedOverflowCheck.cpp:93:13:93:16 | ioff | ioff |
| SignedOverflowCheck.cpp:99:10:99:30 | ... <= ... | Comparison can be simplified by canceling $@ with $@. | SignedOverflowCheck.cpp:99:30:99:30 | n | n | SignedOverflowCheck.cpp:99:10:99:10 | n | n |
| SignedOverflowCheck.cpp:106:12:106:62 | ... < ... | Comparison can be simplified by canceling $@ with $@. | SignedOverflowCheck.cpp:106:62:106:62 | x | x | SignedOverflowCheck.cpp:106:33:106:33 | x | x |
| SignedOverflowCheck.cpp:117:12:117:36 | ... < ... | Comparison can be simplified by canceling $@ with $@. | SignedOverflowCheck.cpp:117:35:117:36 | n1 | n1 | SignedOverflowCheck.cpp:117:12:117:13 | n1 | n1 |
| SignedOverflowCheck.cpp:122:10:122:42 | ... <= ... | Comparison can be simplified by canceling $@ with $@. | SignedOverflowCheck.cpp:122:42:122:42 | n | n | SignedOverflowCheck.cpp:122:21:122:21 | n | n |
| SignedOverflowCheck.cpp:128:9:128:46 | ... <= ... | Comparison can be simplified by canceling $@ with $@. | SignedOverflowCheck.cpp:128:45:128:45 | n | n | SignedOverflowCheck.cpp:128:26:128:26 | n | n |
| test.cpp:8:11:8:37 | ... < ... | Comparison can be simplified by canceling $@ with $@. | test.cpp:8:37:8:37 | a | a | test.cpp:8:28:8:28 | a | a |
| test.cpp:29:7:29:19 | ... < ... | Comparison can be simplified by canceling $@ with $@. | test.cpp:29:15:29:15 | x | x | test.cpp:29:7:29:7 | x | x |
| test.cpp:30:7:30:19 | ... < ... | Comparison can be simplified by canceling $@ with $@. | test.cpp:30:15:30:15 | x | x | test.cpp:30:7:30:7 | x | x |
| test.cpp:39:7:39:19 | ... < ... | Comparison can be simplified by canceling $@ with $@. | test.cpp:39:15:39:15 | x | x | test.cpp:39:7:39:7 | x | x |
| test.cpp:40:7:40:19 | ... < ... | Comparison can be simplified by canceling $@ with $@. | test.cpp:40:15:40:15 | x | x | test.cpp:40:7:40:7 | x | x |
| test.cpp:108:11:108:19 | ... < ... | Comparison can be simplified by canceling $@ with $@. | test.cpp:108:19:108:19 | a | a | test.cpp:108:11:108:11 | a | a |
| test.cpp:144:2:144:35 | ... == ... | Comparison can be simplified by canceling $@ with $@. | test.cpp:144:26:144:29 | offs | offs | test.cpp:144:20:144:23 | offs | offs |
