| test.cpp:8:9:8:14 | ... == ... | Function exit is unreachable because this condition is always false. |
| test.cpp:21:9:21:14 | ... == ... | Function exit is unreachable because this condition is always false. |
| test.cpp:111:9:111:14 | ... == ... | Function exit is unreachable because this condition is always false. |
