| Test.java:8:15:8:18 | size | known non-sink\nrelated locations: $@.\nmetadata: $@, $@, $@, $@, $@, $@. | Test.java:7:10:8:19 | allocate(...) | CallContext | file://java.nio:1:1:1:1 | java.nio | package | file://ByteBuffer:1:1:1:1 | ByteBuffer | type | file://false:1:1:1:1 | false | subtypes | file://allocate:1:1:1:1 | allocate | name | file://(int):1:1:1:1 | (int) | signature | file://Argument[0]:1:1:1:1 | Argument[0] | input |
| Test.java:8:15:8:18 | size | known sanitizer\nrelated locations: $@.\nmetadata: $@, $@, $@, $@, $@, $@. | Test.java:7:10:8:19 | allocate(...) | CallContext | file://java.nio:1:1:1:1 | java.nio | package | file://ByteBuffer:1:1:1:1 | ByteBuffer | type | file://false:1:1:1:1 | false | subtypes | file://allocate:1:1:1:1 | allocate | name | file://(int):1:1:1:1 | (int) | signature | file://Argument[0]:1:1:1:1 | Argument[0] | input |
