| PointlessComparison.c:7:9:7:14 | ... < ... | Comparison is always true because i <= 7. |
| PointlessComparison.c:8:9:8:15 | ... <= ... | Comparison is always true because i <= 7. |
| PointlessComparison.c:9:9:9:14 | ... > ... | Comparison is always false because i <= 7. |
| PointlessComparison.c:10:9:10:15 | ... >= ... | Comparison is always false because i <= 7. |
| PointlessComparison.c:11:9:11:15 | ... == ... | Comparison is always false because i <= 7. |
| PointlessComparison.c:12:9:12:15 | ... != ... | Comparison is always true because i <= 7. |
| PointlessComparison.c:38:9:38:14 | ... < ... | Comparison is always true because i <= 7. |
| PointlessComparison.c:39:9:39:15 | ... <= ... | Comparison is always true because i <= 7. |
| PointlessComparison.c:40:9:40:14 | ... > ... | Comparison is always false because i <= 7. |
| PointlessComparison.c:41:9:41:15 | ... >= ... | Comparison is always false because i <= 7. |
| PointlessComparison.c:42:9:42:15 | ... == ... | Comparison is always false because i <= 7. |
| PointlessComparison.c:43:9:43:15 | ... != ... | Comparison is always true because i <= 7. |
| PointlessComparison.c:65:9:65:13 | ... < ... | Comparison is always true because i <= 3. |
| PointlessComparison.c:116:12:116:16 | ... < ... | Comparison is always true because a <= 0 and 6 <= b. |
| PointlessComparison.c:119:12:119:16 | ... > ... | Comparison is always false because a <= 100 and 106 <= b. |
| PointlessComparison.c:126:12:126:18 | ... >= ... | Comparison is always true because a >= 20. |
| PointlessComparison.c:129:12:129:16 | ... > ... | Comparison is always false because a <= 3. |
| PointlessComparison.c:197:7:197:11 | ... < ... | Comparison is always false because x >= 0. |
| PointlessComparison.c:250:9:250:19 | ... == ... | Comparison is always false because u32idx >= 1. |
| PointlessComparison.c:255:9:255:19 | ... == ... | Comparison is always false because u64idx >= 1. |
| PointlessComparison.c:273:9:273:18 | ... > ... | Comparison is always false because c <= 0. |
| PointlessComparison.c:283:13:283:19 | ... >= ... | Comparison is always true because c >= 11. |
| PointlessComparison.c:294:9:294:16 | ... >= ... | Comparison is always false because ui1 <= 0. |
| PointlessComparison.c:363:7:363:14 | ... == ... | Comparison is always false because tmp <= 0. |
| PointlessComparison.c:372:6:372:16 | ... >= ... | Comparison is always true because ... >> ... >= 1.5. |
| PointlessComparison.c:373:6:373:16 | ... >= ... | Comparison is always false because ... >> ... <= 1.5. |
| PointlessComparison.c:374:6:374:16 | ... == ... | Comparison is always false because ... >> ... >= 1.5. |
| PointlessComparison.c:388:10:388:21 | ... > ... | Comparison is always false because ... * ... <= 408. |
| PointlessComparison.c:391:12:391:20 | ... < ... | Comparison is always false because ... * ... >= 6. |
| RegressionTests.cpp:125:7:125:11 | ... > ... | Comparison is always false because x <= 0. |
