| file://:0:0:0:0 | wchar_t | IntegralDumpType, PrintableElement, Wchar_t, WideCharType |  |
| file://:0:0:0:0 | wchar_t * | IteratorByPointer, PointerDumpType, PrintableElement | CTypedefType, PrintableElement, UserDumpType, Wchar_t |
| ms.c:2:24:2:30 | wchar_t | CTypedefType, PrintableElement, UserDumpType, Wchar_t |  |
