| Test.java:40:14:40:21 | openPath | taint step\nrelated locations: $@.\nmetadata: $@, $@, $@, $@, $@, $@. | Test.java:40:4:40:22 | get(...) | CallContext | file://java.nio.file:1:1:1:1 | java.nio.file | package | file://Paths:1:1:1:1 | Paths | type | file://false:1:1:1:1 | false | subtypes | file://get:1:1:1:1 | get | name | file://(String,String[]):1:1:1:1 | (String,String[]) | signature | file://Argument[0]:1:1:1:1 | Argument[0] | input |
| Test.java:46:15:46:18 | size | known non-sink\nrelated locations: $@.\nmetadata: $@, $@, $@, $@, $@, $@. | Test.java:45:10:46:19 | allocate(...) | CallContext | file://java.nio:1:1:1:1 | java.nio | package | file://ByteBuffer:1:1:1:1 | ByteBuffer | type | file://false:1:1:1:1 | false | subtypes | file://allocate:1:1:1:1 | allocate | name | file://(int):1:1:1:1 | (int) | signature | file://Argument[0]:1:1:1:1 | Argument[0] | input |
| Test.java:46:15:46:18 | size | known sanitizer\nrelated locations: $@.\nmetadata: $@, $@, $@, $@, $@, $@. | Test.java:45:10:46:19 | allocate(...) | CallContext | file://java.nio:1:1:1:1 | java.nio | package | file://ByteBuffer:1:1:1:1 | ByteBuffer | type | file://false:1:1:1:1 | false | subtypes | file://allocate:1:1:1:1 | allocate | name | file://(int):1:1:1:1 | (int) | signature | file://Argument[0]:1:1:1:1 | Argument[0] | input |
