| test2.cpp:14:11:14:15 | ... * ... | $@ flows an expression which might overflow. | test2.cpp:25:22:25:23 | & ... | User-provided value |
| test2.cpp:15:11:15:19 | ... * ... | $@ flows an expression which might overflow. | test2.cpp:25:22:25:23 | & ... | User-provided value |
| test2.cpp:16:11:16:21 | ... * ... | $@ flows an expression which might overflow. | test2.cpp:25:22:25:23 | & ... | User-provided value |
| test2.cpp:17:11:17:22 | ... * ... | $@ flows an expression which might overflow. | test2.cpp:25:22:25:23 | & ... | User-provided value |
| test2.cpp:39:9:39:18 | ... + ... | $@ flows an expression which might overflow. | test2.cpp:36:9:36:14 | buffer | User-provided value |
| test2.cpp:40:3:40:13 | ... += ... | $@ flows an expression which might overflow. | test2.cpp:36:9:36:14 | buffer | User-provided value |
| test5.cpp:17:6:17:27 | ... * ... | $@ flows an expression which might overflow. | test5.cpp:9:7:9:9 | buf | User-provided value |
| test5.cpp:19:6:19:13 | ... * ... | $@ flows an expression which might overflow. | test5.cpp:9:7:9:9 | buf | User-provided value |
| test.c:14:15:14:35 | ... * ... | $@ flows an expression which might overflow. | test.c:11:29:11:32 | argv | User-provided value |
