| open_existential.swift:14:5:14:19 | OpenExistentialExpr | () |
