| open_existential.swift:14:5:14:19 | OpenExistentialExpr | hasType: | yes | getSubExpr: | open_existential.swift:14:5:14:19 | call to foo() | getExistential: | open_existential.swift:14:5:14:13 | call to createP() | getOpaqueExpr: | open_existential.swift:14:5:14:13 | OpaqueValueExpr |
