| IntMultToLong.c:18:19:18:23 | ... * ... | Multiplication result may overflow 'float' before it is converted to 'double'. |
| IntMultToLong.c:21:19:21:29 | ... * ... | Multiplication result may overflow 'float' before it is converted to 'double'. |
| IntMultToLong.c:38:19:38:23 | ... * ... | Multiplication result may overflow 'float' before it is converted to 'double'. |
| IntMultToLong.c:59:20:59:31 | ... * ... | Multiplication result may overflow 'float' before it is converted to 'double'. |
