| test2.c:28:19:28:20 | 41 | Potential buffer-overflow: 'buffer' has size 40 not 41. |
| test2.c:35:23:35:24 | 48 | Potential buffer-overflow: 'buffer' has size 40 not 48. |
| test.c:14:9:14:13 | access to array | Potential buffer-overflow: 'xs' has size 5 but 'xs[5]' may be accessed here. |
| test.c:15:9:15:13 | access to array | Potential buffer-overflow: 'xs' has size 5 but 'xs[6]' may be accessed here. |
| test.c:20:9:20:18 | access to array | Potential buffer-overflow: 'ys' has size 5 but 'ys[5]' may be accessed here. |
| test.c:21:9:21:18 | access to array | Potential buffer-overflow: 'ys' has size 5 but 'ys[6]' may be accessed here. |
| test.cpp:19:3:19:12 | access to array | Potential buffer-overflow: counter 'i' <= 3 but 'buffer1' has 3 elements. |
| test.cpp:20:3:20:12 | access to array | Potential buffer-overflow: counter 'i' <= 3 but 'buffer2' has 3 elements. |
| test.cpp:40:22:40:27 | amount | Potential buffer-overflow: 'buffer' has size 100 not 101. |
