| cstd_types.cpp:74:4:74:6 | _e0 | Enum, FixedWidthEnumType, PrintableElement, UserDumpType |
| cstd_types.cpp:75:4:75:6 | _e1 | FixedWidthEnumType, PrintableElement, ScopedEnum, UserDumpType |
