| cstd_types.cpp:31:8:31:9 | i8 | CTypedefType, FixedWidthIntegralType, Int8_t, PrintableElement, UserDumpType |
| cstd_types.cpp:32:9:32:11 | i16 | CTypedefType, FixedWidthIntegralType, Int16_t, PrintableElement, UserDumpType |
| cstd_types.cpp:33:9:33:11 | i32 | CTypedefType, FixedWidthIntegralType, Int32_t, PrintableElement, UserDumpType |
| cstd_types.cpp:34:9:34:11 | i64 | CTypedefType, FixedWidthIntegralType, Int64_t, PrintableElement, UserDumpType |
| cstd_types.cpp:35:9:35:11 | ui8 | CTypedefType, FixedWidthIntegralType, PrintableElement, UInt8_t, UserDumpType |
| cstd_types.cpp:36:10:36:13 | ui16 | CTypedefType, FixedWidthIntegralType, PrintableElement, UInt16_t, UserDumpType |
| cstd_types.cpp:37:10:37:13 | ui32 | CTypedefType, FixedWidthIntegralType, PrintableElement, UInt32_t, UserDumpType |
| cstd_types.cpp:38:10:38:13 | ui64 | CTypedefType, FixedWidthIntegralType, PrintableElement, UInt64_t, UserDumpType |
