| cstd_types.cpp:55:10:55:11 | im | CTypedefType, Intmax_t, MaximumWidthIntegralType, PrintableElement, UserDumpType |
| cstd_types.cpp:56:11:56:13 | uim | CTypedefType, MaximumWidthIntegralType, PrintableElement, Uintmax_t, UserDumpType |
