| inconsistentLoopDirection.cpp:69:5:71:5 | for(...;...;...) ... | Ill-defined for-loop: a loop using variable "i" counts downward from a value (min), but the terminal condition is higher (max). |
| inconsistentLoopDirection.cpp:77:5:79:5 | for(...;...;...) ... | Ill-defined for-loop: a loop using variable "i" counts upward from a value (max), but the terminal condition is lower (min). |
| inconsistentLoopDirection.cpp:118:5:120:5 | for(...;...;...) ... | Ill-defined for-loop: a loop using variable "i" counts downward from a value (max), but the terminal condition is always false. |
| inconsistentLoopDirection.cpp:122:5:124:5 | for(...;...;...) ... | Ill-defined for-loop: a loop using variable "i" counts upward from a value (min), but the terminal condition is always false. |
| inconsistentLoopDirection.cpp:133:5:135:5 | for(...;...;...) ... | Ill-defined for-loop: a loop using variable "i" counts downward from a value (100), but the terminal condition is always false. |
| inconsistentLoopDirection.cpp:175:5:175:36 | for(...;...;...) ... | Ill-defined for-loop: a loop using variable "i" counts downward from a value (0), but the terminal condition is higher (10). |
| inconsistentLoopDirection.cpp:179:5:179:38 | for(...;...;...) ... | Ill-defined for-loop: a loop using variable "i" counts upward from a value (100), but the terminal condition is lower (0). |
| inconsistentLoopDirection.cpp:197:5:197:34 | for(...;...;...) ... | Ill-defined for-loop: a loop using variable "s" counts downward from a value (... + ...), but the terminal condition is always false. |
| inconsistentLoopDirection.cpp:213:3:213:32 | for(...;...;...) ... | Ill-defined for-loop: a loop using variable "s" counts downward from a value (... - ...), but the terminal condition is higher (n). |
| inconsistentLoopDirection.cpp:215:3:215:33 | for(...;...;...) ... | Ill-defined for-loop: a loop using variable "s" counts downward from a value (... - ...), but the terminal condition is higher (64). |
