| test.c:91:14:91:23 | ... < ... | Comparison between $@ of type unsigned char and $@ of wider type int. | test.c:83:16:83:16 | c | c | test.c:91:18:91:23 | 65280 | 65280 |
| test.c:93:14:93:25 | ... < ... | Comparison between $@ of type unsigned char and $@ of wider type int. | test.c:83:16:83:16 | c | c | test.c:93:18:93:25 | 16711680 | 16711680 |
