| test.c:20:3:28:3 | switch (...) ...  | Possibly erroneous label name. |
| test.c:30:3:38:3 | switch (...) ...  | Code before case will not be executed. |
